# met_07_08_09

  LAYER   
    NAME 'met_07_08_09'
    TYPE POLYGON
    STATUS OFF
    PROJECTION
      "init=epsg:4326"
    END
    TRANSPARENCY 100

    METADATA
      "wms_srs"             "EPSG:4326 EPSG:26710"
      "wms_name"            "met_07_08_09"
      "wms_server_version"  "1.1.1"
      "wms_format"          "image/png"
      "wms_onlineresource"  "http://localhost/cgi-bin/mapserv?map=/var/www/mapfiles/bill_tiles.map&"
    END

    FEATURE
      POINTS  
        -30 60  60 60  60 -60  -30 -60  -30 60
      END
      TEXT "MET 07,08,09"
    END

    FEATURE
      POINTS  
        -30 35  -25 35  -25 40  25 40  25 35  40 35  40 30  45 30  45 20
         50 20  50 -15  45 -15  45 -30  40 -30  40 -35  30 -35  30 -40
         -25 -40  -25 -35  -30 -35  -30 35
      END
      TEXT "MET 07,08,09"
    END

    CLASS
      STYLE
        OUTLINECOLOR 0 255 0
        WIDTH 4
      END

      LABEL
        TYPE bitmap
        COLOR 0 255 0
        SIZE Large
        POSITION uc
      END


    END # end of CLASS

  END # Layer end
